<%@ page contentType="text/html; charset=UTF-8" session="false" %><%@ taglib prefix="c" uri="http://java.sun.com/jsp/jstl/core"%><%@ taglib prefix="fmt" uri="http://java.sun.com/jsp/jstl/fmt"%><%@ taglib prefix="entoj" uri="https://entoj.io/entoj"%><jsp:include page="/includes/elements/e-cta.jsp"><jsp:param name="type" value="${ 'primary' }" /><jsp:param name="skin" value="${ 'light' }" /><jsp:param name="text" value="${ model.button }" /><jsp:param name="link" value="${ null }" /><jsp:param name="classes" value="${ null }" /></jsp:include>
<jsp:include page="/includes/modules/m-teaser.jsp"><jsp:param name="type" value="${ 'content' }" /><jsp:param name="model" value="${ self }" /><jsp:param name="classes" value="${ '' }" /></jsp:include>
<jsp:include page="/includes/elements/e-headline.jsp"><jsp:param name="text" value="${ '' }" /><jsp:param name="level" value="${ 1 }" /><jsp:param name="skin" value="${ 'light' }" /><jsp:param name="classes" value="${ moduleName + '--check' }" /></jsp:include>
<jsp:include page="/includes/elements/e-headline.jsp"><jsp:param name="text" value="${ '' }" /><jsp:param name="level" value="${ level + 1 }" /><jsp:param name="skin" value="${ 'light' }" /><jsp:param name="classes" value="${ '' }" /></jsp:include>