<%@ page contentType="text/html; charset=UTF-8" session="false" %><%@ taglib prefix="c" uri="http://java.sun.com/jsp/jstl/core"%><%@ taglib prefix="fmt" uri="http://java.sun.com/jsp/jstl/fmt"%><%@ taglib prefix="entoj" uri="https://entoj.io/entoj"%><c:if test="${ model.copy or (model.headline == '') }">COPY</c:if>
<c:choose><c:when test="${ model.copy }">COPY</c:when><c:otherwise>NOCOPY</c:otherwise></c:choose>
<c:choose><c:when test="${  not model.copy and empty mode.headline ? 'empty' : mode.headline }">NOCOPY</c:when><c:otherwise>COPY</c:otherwise></c:choose>
<c:if test="${ 2 % 4 * 2 + 1 - 2 / 2 > 1 }">YES</c:if>
<!-- multiple ifs -->
<c:choose><c:when test="${ hungry }">
  I am hungry
</c:when><c:when test="${ tired }">
  I am tired
</c:when><c:when test="${ thirsty }">
  I am thirsty
</c:when><c:otherwise>
  I am good!
</c:otherwise></c:choose>
<!-- inside a expression -->
<c:set var="value" value="${ (type) ? (type) : ('') }" />
<!-- with a function call -->
<c:if test="${ model.copy() }">COPY</c:if>